// Jest Snapshot v1, https://goo.gl/fbAQLP

exports[`does not render immutable children in enzyme 3 1`] = `
"<div className=\\"App\\">
  <undefined />
</div>"
`;

exports[`renders immutable children in enzyme 2 1`] = `
"<div className=\\"App\\">
  <span>
    first
  </span>
  <span>
    second
  </span>
  <span>
    third
  </span>
</div>"
`;
